data:image/png;base64,iVBORw0KGgoAAAANSUhEUgAABOgAAADICAYAAABS3N7MAAAMg0lEQVR42u3dzYtVhR/Hcd1oGD1s2xXUrkVUMBCRiBkZFRTMKqSLM+ecobj1DwRBhJsiosBWGf0LLdv0CG5DyjIJxIIQzIWhUi1u32N35DjMVWeG+MwMrxccnOefmW++8PmNtmMHAAAAAAAAAAAAAAAAAAAAAAAAAAAAAAAAAAAAAAAAAAAAAAAAAAAAAAAAAAAAwGbXdd0DbdueXFxcvK9+PLWWz22a5oX6nCv148Hlt9XrX9bz8PDj+tfrY764yc/jHf82AAAAAFiXycLbk83+zPq5N03zetu279bzatd176/ln7s+5+9+pKsXdw7e9nI9R1f8b3zUv/0mX2vidxIAAAAA63J1BFt865FN+8wY6PpRbOWz2sc1TfNkve+3es7Ws2/l5w4/9tChQ7dPP3bP9OP29K/3b7/Vr1Ufs7dePjN95qZv679b7596LtTzod91AAAAAFyzVQe60Wh0W9u25w8fPnxH/2P/+mofV+/7vuu6Z5qmebZe/mHw9lnD37Hl75irzxnV536ylq9VL5+ojznQD3X14/Hp236q57PxeHyn33EAAAAAXGe7fwdd//fMzc/P7xqPx7vr5b+Gn7/ax3dd90S975v+5aZpvu2HtrV8rf5jBj+ny9Ov2f9deafquVTP437XAQAAAHDNVh3omqb5oJ5X2rZ9r57XZv3z9f8Rif673vqnXv558PbJDT7n9PS75H7Zcf3fUTfza41Go7sHH7N/xs/58/67/fyuAwAAAOCaLfwddKeXlpburR9/XFhYuH/WP1+9/6np3xv3e//dcYO3zxzo6uPeqPefq+fNW/la9fLXg++WOzD9O+ou1stHpp93tJ4/B/9hCgAAAAD4z1Yd6AAAAABgWzDQAQAAAECQgQ4AAAAAggx0AAAAABBkoAMAAACAIAMdAAAAAARdHeg2+ePfEgAAAAAAAAAAAAAAAAAAAAAAAAAAAAAAAAAAAAAAAAAAAAAAAAAAAAAAAAAAAACrmvglgFtyj18C0ApoBbQCWgGt/B8MdODggVZAK6AV0ApoJchABw4eaAW0AloBrYBWggx04OCBVkAroBXQCmglyEAHDh5oBbQCWgGtgFaCDHTg4IFWQCugFdAKaCXIQAcOHmgFtAJaAa2AVoIMdODggVZAK6AV0ApoJchABw4eaAW0AloBrYBWggx04OCBVkAroBXQCmglyEAHDh5oBbQCWgGtgFaCDHTg4IFWQCugFdAKaCXIQAcOHmgFtAJaAa2AVoIMdODggVZAK6AV0ApoJchABw4eaAW0AloBrYBWggx04OCBVkAroBXQCmglyEAHDh5oBbQCWgGtgFaCDHTg4IFWQCugFdAKaCXIQAcOHmgFtAJaAa2AVoIMdODggVZAK6AV0ApoJchABw4eaAW0AloBrYBWggx04OCBVkAroBXQCmglyEAHDh5oBbQCWgGtgFaCDHTg4IFWQCugFdAKaCXIQAcOHmgFtAJaAa2AVoIMdODggVZAK6AV0ApoJchABw4eaAW0AloBrYBWggx04OCBVkAroBXQCmglyEAHDh5oBbQCWgGtgFaCDHTg4IFWQCugFdAKaCXIQAcOHmgFtAJaAa2AVoIMdODggVZAK6AV0ApoJchABw4eaAW0AloBrYBWggx04OCBVkAroBXQCmglyEAHDh5oBbQCWgGtgFaCDHTg4IFWQCugFdAKaCXIQAcOHmgFtAJaAa2AVoIMdODggVZAK6AV0ApoJchABw4eaAW0AloBrYBWggx04OCBVkAroBXQCmglyEAHDh5oBbQCWgGtgFaCDHTg4IFWQCugFdAKaCXIQAcOHmgFtAJaAa2AVoIMdODggVZAK6AV0ApoJchABw4eaAW0AloBrYBWggx04OCBVkAroBXQCmglyEAHDh5oBbQCWgGtgFaCDHTg4IFWQCugFdAKaCXIQAcOHmgFtAJaAa2AVoIMdODggVZAK6AV0ApoJchABw4eaAW0AloBrYBWggx04OCBVkAroBXQCmglyEAHDh5oBbQCWgGtgFaCDHTg4IFWQCugFdAKaCXIQAcOHmgFtAJaAa2AVoIMdODggVZAK6AV0ApoJchABw4eaAW0AloBrYBWggx04OCBVkAroBXQCmglyEAHDh5oBbQCWgGtgFaCDHTg4IFWQCugFdAKaCXIQAcOHmgFtAJaAa2AVoIMdODggVZAK6AV0ApoJchABw4eaAW0AloBrYBWggx04OCBVkAroBXQCmglyEAHDh5oBbQCWgGtgFaCDHTg4IFWQCugFdAKaCXIQAcOHmgFtAJaAa2AVoIMdODggVZAK6AV0ApoJchABw4eaAW0AloBrYBWggx04OCBVkAroBXQCmglyEAHDh5oBbQCWgGtgFaCDHTg4IFWQCugFdAKaCXIQAcOHmgFtAJaAa2AVoIMdODggVZAK6AV0ApoJchABw4eaAW0AloBrYBWggx04OCBVkAroBXQCmglyEAHDh5oBbQCWgGtgFaCDHTg4IFWQCugFdAKaCXIQAcOHmgFtAJaAa2AVoIMdODggVZAK6AV0ApoJchABw4eaAW0AloBrYBWggx04OCBVkAroBXQCmglyEAHDh5oBbQCWgGtgFaCDHTg4IFWQCugFdAKaCXIQAcOHmgFtAJaAa2AVoIMdODggVZAK6AV0ApoJchABw4eaAW0AloBrYBWggx04OCBVkAroBXQCmglyEAHDh5oBbQCWgGtgFaCDHTg4IFWQCugFdAKaCXIQAcOHmgFtAJaAa2AVoIMdODggVZAK6AV0ApoJchABw4eaAW0AloBrYBWggx04OCBVkAroBXQCmglyEAHDh5oBbQCWgGtgFaCDHTg4IFWQCugFdAKaCXIQAcOHmgFtAJaAa2AVoIMdODggVZAK6AV0ApoJchABw4eaAW0AloBrYBWggx04OCBVkAroBXQCmglyEAHDh5oBbQCWgGtgFaCDHTg4IFWQCugFdAKaCXIQAcOHmgFtAJaAa2AVoIMdODggVZAK6AV0ApoJchABw4eaAW0AloBrYBWggx04OCBVkAroBXQCmglyEAHDh5oBbQCWgGtgFaCDHTg4IFWQCugFdAKaCXIQAcOHmgFtAJaAa2AVoIMdODggVZAK6AV0ApoJchABw4eaAW0AloBrYBWggx04OCBVkAroBXQCmglyEAHDh5oBbQCWgGtgFaCDHTg4IFWQCugFdAKaCXIQAcOHmgFtAJaAa2AVoIMdODggVZAK6AV0ApoJchABw4eaAW0AloBrYBWggx04OCBVkAroBXQCmglyEAHDh5oBbQCWgGtgFaCDHTg4IFWQCugFdAKaCXIQAcOHmgFtAJaAa2AVoIMdODggVZAK6AV0ApoJchABw4eaAW0AloBrYBWggx04OCBVkAroBXQCmglyEAHDh5oBbQCWgGtgFaCDHTg4IFWQCugFdAKaCXIQAcOHmgFtAJaAa2AVoIMdODggVZAK6AV0ApoJchABw4eaAW0AloBrYBWggx04OCBVkAroBXQCmglyEAHDh5oBbQCWgGtgFaCDHTg4IFWQCugFdAKaCXIQAcOHmgFtAJaAa2AVoIMdODggVZAK6AV0ApoJchABw4eaAW0AloBrYBWggx04OCBVkAroBXQCmglyEAHDh5oBbQCWgGtgFaCJtOfnMfjufHzkF8Dj0crHo9WPB6teDxa8Xi2RSubcqAD/D9SoBXQCmgFtAJaCTHQgYMHWgGtgFZAK6CVIAMdOHigFdAKaAW0AloJMtCBgwdaAa2AVkAroJUgAx04eKAV0ApoBbQCWgky0IGDB1oBrYBWQCuglSADHTh4oBXQCmgFtAJaCTLQgYMHWgGtgFZAK6CVIAMdOHigFdAKaAW0AloJMtBtUm3bTgbPha7rltb6+X4VHTzQCmgFtAJaAbTCOg0Htnp5rp5f1/v5AAAAAMAaDQe2pmkeq9fPDV7fW6+fmT5zy2/vuu7Fev2Pej420AEAAADABqz4I67nm6Z5afC+E13XHeiHuvrx+ODtJ+v1p+vtzxvoAAAAAGADlge2paWlB+vlr+q5a/C+K4Px7vLg7Zfm5+d3jcfj3QY6AAAAANiAFX/EdVSvHxu8r/9Ouf2rfM539fbn6uMPGugAAAAAYANWDGw7+z/KWs+j/Sv9H2+t95+t52K9fGTwOfumfxz2UwMdAAAAAAAAAAAAAAAAAAAAAAAAAAAAAAAAAAAAAAAAAAAAAAAAAAAAAAAAAAAAAAAAAAAAAAAAAAAAAAAAAAAAAAAAAAAAAADAdvAviAKpna2GXlEAAAAASUVORK5CYII=